Traceback (most recent call last):
  File "C:\Users\52377\AppData\Local\Programs\Python\Python313\Lib\site-packages\jupyter_core\utils\__init__.py", line 154, in wrapped
    asyncio.get_running_loop()
    ~~~~~~~~~~~~~~~~~~~~~~~~^^
RuntimeError: no running event loop

During handling of the above exception, another exception occurred:

Traceback (most recent call last):
  File "C:\Users\52377\AppData\Local\Programs\Python\Python313\Lib\site-packages\jupyter_cache\executors\utils.py", line 58, in single_nb_execution
    executenb(
    ~~~~~~~~~^
        nb,
        ^^^
    ...<4 lines>...
        **kwargs,
        ^^^^^^^^^
    )
    ^
  File "C:\Users\52377\AppData\Local\Programs\Python\Python313\Lib\site-packages\nbclient\client.py", line 1319, in execute
    return NotebookClient(nb=nb, resources=resources, km=km, **kwargs).execute()
           ~~~~~~~~~~~~~~~~~~~~~~~~~~~~~~~~~~~~~~~~~~~~~~~~~~~~~~~~~~~~~~~~~~~^^
  File "C:\Users\52377\AppData\Local\Programs\Python\Python313\Lib\site-packages\jupyter_core\utils\__init__.py", line 158, in wrapped
    return loop.run_until_complete(inner)
           ~~~~~~~~~~~~~~~~~~~~~~~^^^^^^^
  File "C:\Users\52377\AppData\Local\Programs\Python\Python313\Lib\asyncio\base_events.py", line 725, in run_until_complete
    return future.result()
           ~~~~~~~~~~~~~^^
  File "C:\Users\52377\AppData\Local\Programs\Python\Python313\Lib\site-packages\nbclient\client.py", line 709, in async_execute
    await self.async_execute_cell(
        cell, index, execution_count=self.code_cells_executed + 1
    )
  File "C:\Users\52377\AppData\Local\Programs\Python\Python313\Lib\site-packages\nbclient\client.py", line 1062, in async_execute_cell
    await self._check_raise_for_error(cell, cell_index, exec_reply)
  File "C:\Users\52377\AppData\Local\Programs\Python\Python313\Lib\site-packages\nbclient\client.py", line 918, in _check_raise_for_error
    raise CellExecutionError.from_cell_and_msg(cell, exec_reply_content)
nbclient.exceptions.CellExecutionError: An error occurred while executing the following cell:
------------------
# An adjacency matrix define a graph
# A (adjacency matrix) of shape (num_nodes, num_nodes)
A = np.array([[0,1,0,1,0,0,0,0], #Node 0 connects to Node 1 (second) and Node 3 (fourth)
              [1,0,1,1,1,0,0,0], #Node 1 connects to Node 0 (first) and Node 2,3,4 (third to sixth on list)
              [0,1,0,0,1,0,0,0], #...
              [1,1,0,0,1,0,0,0],
              [0,1,1,1,0,1,0,1],
              [0,0,0,0,1,0,1,1],
              [0,0,0,0,0,1,0,0],
              [0,0,0,0,1,1,0,0]]);
print(A)
draw_graph_structure(A)

------------------

----- stdout -----
[[0 1 0 1 0 0 0 0]
 [1 0 1 1 1 0 0 0]
 [0 1 0 0 1 0 0 0]
 [1 1 0 0 1 0 0 0]
 [0 1 1 1 0 1 0 1]
 [0 0 0 0 1 0 1 1]
 [0 0 0 0 0 1 0 0]
 [0 0 0 0 1 1 0 0]]
------------------

[31m---------------------------------------------------------------------------[39m
[31mAttributeError[39m                            Traceback (most recent call last)
[36mCell[39m[36m [39m[32mIn[15][39m[32m, line 12[39m
[32m      3[39m A = np.array([[[32m0[39m,[32m1[39m,[32m0[39m,[32m1[39m,[32m0[39m,[32m0[39m,[32m0[39m,[32m0[39m], [38;5;66;03m#Node 0 connects to Node 1 (second) and Node 3 (fourth)[39;00m
[32m      4[39m               [[32m1[39m,[32m0[39m,[32m1[39m,[32m1[39m,[32m1[39m,[32m0[39m,[32m0[39m,[32m0[39m], [38;5;66;03m#Node 1 connects to Node 0 (first) and Node 2,3,4 (third to sixth on list)[39;00m
[32m      5[39m               [[32m0[39m,[32m1[39m,[32m0[39m,[32m0[39m,[32m1[39m,[32m0[39m,[32m0[39m,[32m0[39m], [38;5;66;03m#...[39;00m
[32m   (...)[39m[32m      9[39m               [[32m0[39m,[32m0[39m,[32m0[39m,[32m0[39m,[32m0[39m,[32m1[39m,[32m0[39m,[32m0[39m],
[32m     10[39m               [[32m0[39m,[32m0[39m,[32m0[39m,[32m0[39m,[32m1[39m,[32m1[39m,[32m0[39m,[32m0[39m]]);
[32m     11[39m [38;5;28mprint[39m(A)
[32m---> [39m[32m12[39m [43mdraw_graph_structure[49m[43m([49m[43mA[49m[43m)[49m

[36mCell[39m[36m [39m[32mIn[14][39m[32m, line 6[39m, in [36mdraw_graph_structure[39m[34m(adjacency_matrix, color, edge_attr)[39m
[32m      4[39m G = nx.Graph()
[32m      5[39m n_node = adjacency_matrix.shape[[32m0[39m]
[32m----> [39m[32m6[39m [43mG[49m[43m.[49m[43madd_notes_from[49m([38;5;28mrange[39m(n_node))
[32m      7[39m [38;5;28;01mfor[39;00m i [38;5;129;01min[39;00m [38;5;28mrange[39m(n_node):
[32m      8[39m     [38;5;28;01mfor[39;00m j [38;5;129;01min[39;00m [38;5;28mrange[39m(i):

[31mAttributeError[39m: 'Graph' object has no attribute 'add_notes_from'

